// Jest Snapshot v1, https://goo.gl/fbAQLP

exports[`<Details > Component Renders 1`] = `
<View
  style={
    Object {
      "alignItems": "center",
      "flex": 1,
      "justifyContent": "center",
    }
  }
>
  <Text>
    Details Screen
  </Text>
</View>
`;
