// Jest Snapshot v1, https://goo.gl/fbAQLP

exports[`<Hello > Component Renders 1`] = `
<View
  style={
    Object {
      "alignItems": "center",
      "flex": 1,
      "justifyContent": "center",
    }
  }
>
  <Text
    id="welcome-message"
  >
    Hello World
  </Text>
</View>
`;
